To honour the JVM settings for this build a single-use Daemon process will be forked. For more on this, please refer to https://docs.gradle.org/9.1.0/userguide/gradle_daemon.html#sec:disabling_the_daemon in the Gradle documentation.
Daemon will be stopped at the end of the build 

> Configure project :app
WARNING: The option setting 'android.disallowKotlinSourceSets=false' is experimental.
The current default is 'true'.
WARNING: The option setting 'android.newDsl=false' is deprecated.
The current default is 'true'.
It will be removed in version 10.0 of the Android Gradle plugin.

> Task :designsystem:preBuild UP-TO-DATE
> Task :designsystem:preDebugBuild UP-TO-DATE
> Task :designsystem:generateDebugResources UP-TO-DATE
> Task :designsystem:packageDebugResources UP-TO-DATE
> Task :designsystem:processDebugNavigationResources UP-TO-DATE
> Task :designsystem:parseDebugLocalResources UP-TO-DATE
> Task :designsystem:generateDebugRFile UP-TO-DATE
> Task :core:common:preBuild UP-TO-DATE
> Task :core:common:preDebugBuild UP-TO-DATE
> Task :core:common:generateDebugResources UP-TO-DATE
> Task :core:common:packageDebugResources UP-TO-DATE
> Task :core:common:processDebugNavigationResources UP-TO-DATE
> Task :core:common:parseDebugLocalResources UP-TO-DATE
> Task :core:common:generateDebugRFile UP-TO-DATE
> Task :core:common:generateDebugBuildConfig UP-TO-DATE
> Task :core:common:kspDebugKotlin UP-TO-DATE
> Task :core:common:compileDebugKotlin UP-TO-DATE
> Task :core:common:javaPreCompileDebug UP-TO-DATE
> Task :core:common:compileDebugJavaWithJavac UP-TO-DATE
> Task :core:common:transformDebugClassesWithAsm UP-TO-DATE
> Task :core:common:bundleLibCompileToJarDebug UP-TO-DATE
> Task :designsystem:compileDebugKotlin UP-TO-DATE
> Task :designsystem:javaPreCompileDebug UP-TO-DATE
> Task :designsystem:compileDebugJavaWithJavac NO-SOURCE
> Task :designsystem:bundleLibCompileToJarDebug UP-TO-DATE
> Task :feature:admin:preBuild UP-TO-DATE
> Task :feature:admin:preDebugBuild UP-TO-DATE
> Task :feature:admin:generateDebugResources UP-TO-DATE
> Task :feature:admin:packageDebugResources UP-TO-DATE
> Task :feature:admin:processDebugNavigationResources UP-TO-DATE
> Task :feature:admin:parseDebugLocalResources UP-TO-DATE
> Task :feature:admin:generateDebugRFile UP-TO-DATE
> Task :feature:admin:kspDebugKotlin UP-TO-DATE

> Task :feature:admin:compileDebugKotlin
w: file:///C:/Users/WIN%2010/Desktop/New%20folder%20(2)/Sdk/Sdk/PharmaNet/feature/admin/src/main/kotlin/com/pharmalink/feature/admin/ui/users/EditUserBottomSheet.kt:263:22 'fun Modifier.menuAnchor(): Modifier' is deprecated. Use overload that takes MenuAnchorType and enabled parameters.

BUILD SUCCESSFUL in 48s
┘ت┘د actionable tasks: ┘ة executed, ┘ت┘خ up-to-date
Consider enabling configuration cache to speed up this build: https://docs.gradle.org/9.1.0/userguide/configuration_cache_enabling.html
